{smcl}
{com}{sf}{ul off}{txt}{.-}
      name:  {res}<unnamed>
       {txt}log:  {res}C:\Users\pbailey\dev\WeMix\tests\testthat\Examples.smcl
  {txt}log type:  {res}smcl
 {txt}opened on:  {res} 2 Aug 2017, 12:48:32

{com}. import delimited C:\Users\pbailey\Documents\sleepstudy.csv
{res}{err}no; data in memory would be lost
{txt}{search r(4):r(4);}

{com}. generate int w1 = 1
{err}w1 already defined
{txt}{search r(110):r(110);}

{com}. generate int w2 = 1
{err}w2 already defined
{txt}{search r(110):r(110);}

{com}. generate int intercept = 1
{err}intercept already defined
{txt}{search r(110):r(110);}

{com}. eq sub_eq: subject

. eq  intercept: intercept 

. eq days: days

. gllamm reaction days, i(subject) family(gau) link(id) pweight(w) nip(13) adapt nrf(1) eqs(intercept)

{txt}Running adaptive quadrature
Iteration 0:    log likelihood = {res}-950.10163
{txt}Iteration 1:    log likelihood = {res}-914.30162
{txt}Iteration 2:    log likelihood = {res}-899.24767
{txt}Iteration 3:    log likelihood = {res}-897.11831
{txt}Iteration 4:    log likelihood = {res}-897.03943
{txt}Iteration 5:    log likelihood = {res}-897.03933


{txt}Adaptive quadrature has converged, running Newton-Raphson
Iteration 0:{col 16}log likelihood = {res}-897.03933{txt}  
Iteration 1:{col 16}log likelihood = {res}-897.03933{txt}  (backed up)
Iteration 2:{col 16}log likelihood = {res}-897.03932{txt}  
{res} 
{txt}number of level 1 units = {res}180
{txt}number of level 2 units = {res}18
 
{txt}Condition Number = {res}171.24456
 
{txt}gllamm model 
{res} 
{txt}log likelihood = {res}-897.03932
 
Robust standard errors
{txt}{hline 13}{c TT}{hline 11}{hline 11}{hline 9}{hline 8}{hline 13}{hline 12}
{col 1}    reaction{col 14}{c |}      Coef.{col 26}   Std. Err.{col 38}      z{col 46}   P>|z|{col 54}     [95% Con{col 67}f. Interval]
{hline 13}{c +}{hline 11}{hline 11}{hline 9}{hline 8}{hline 13}{hline 12}
{space 8}days {c |}{col 14}{res}{space 2} 10.46729{col 26}{space 2} 1.545789{col 37}{space 1}    6.77{col 46}{space 3}0.000{col 54}{space 4} 7.437595{col 67}{space 3} 13.49698
{txt}{space 7}_cons {c |}{col 14}{res}{space 2} 251.4051{col 26}{space 2} 6.824566{col 37}{space 1}   36.84{col 46}{space 3}0.000{col 54}{space 4} 238.0292{col 67}{space 3}  264.781
{txt}{hline 13}{c BT}{hline 11}{hline 11}{hline 9}{hline 8}{hline 13}{hline 12}
{res} 
{txt}Variance at level 1
------------------------------------------------------------------------------

  {res}954.52789 (220.179)
 
{txt}Variances and covariances of random effects
------------------------------------------------------------------------------

{res} 
{txt}***level 2 ({res}subject{txt})
{res} 
{txt}    var(1): {res}1296.8768 (516.67943)
{txt}------------------------------------------------------------------------------

{res} 

{com}. gllamm reaction days, i(subject) family(gau) link(id) pweight(w) nip(13) adapt nrf(2) eqs(intercept days)

{txt}Running adaptive quadrature
Iteration 0:    log likelihood = {res}-948.58456
{txt}Iteration 1:    log likelihood = {res}-887.56752
{txt}Iteration 2:    log likelihood = {res}-881.53249
{txt}Iteration 3:    log likelihood = {res}-878.59304
{txt}Iteration 4:    log likelihood = {res}-876.20554
{txt}Iteration 5:    log likelihood = {res}-875.97679
{txt}Iteration 6:    log likelihood = {res}-875.97359
{txt}Iteration 7:    log likelihood = {res}-875.97321


{txt}Adaptive quadrature has converged, running Newton-Raphson
Iteration 0:{col 16}log likelihood = {res}-875.97321{txt}  
Iteration 1:{col 16}log likelihood = {res}-875.97321{txt}  (backed up)
Iteration 2:{col 16}log likelihood = {res}-875.96967{txt}  
Iteration 3:{col 16}log likelihood = {res}-875.96967{txt}  
{res} 
{txt}number of level 1 units = {res}180
{txt}number of level 2 units = {res}18
 
{txt}Condition Number = {res}113.70387
 
{txt}gllamm model 
{res} 
{txt}log likelihood = {res}-875.96967
 
Robust standard errors
{txt}{hline 13}{c TT}{hline 11}{hline 11}{hline 9}{hline 8}{hline 13}{hline 12}
{col 1}    reaction{col 14}{c |}      Coef.{col 26}   Std. Err.{col 38}      z{col 46}   P>|z|{col 54}     [95% Con{col 67}f. Interval]
{hline 13}{c +}{hline 11}{hline 11}{hline 9}{hline 8}{hline 13}{hline 12}
{space 8}days {c |}{col 14}{res}{space 2} 10.46729{col 26}{space 2} 1.545789{col 37}{space 1}    6.77{col 46}{space 3}0.000{col 54}{space 4} 7.437595{col 67}{space 3} 13.49698
{txt}{space 7}_cons {c |}{col 14}{res}{space 2} 251.4051{col 26}{space 2}  6.82456{col 37}{space 1}   36.84{col 46}{space 3}0.000{col 54}{space 4} 238.0292{col 67}{space 3}  264.781
{txt}{hline 13}{c BT}{hline 11}{hline 11}{hline 9}{hline 8}{hline 13}{hline 12}
{res} 
{txt}Variance at level 1
------------------------------------------------------------------------------

  {res}654.94122 (213.94376)
 
{txt}Variances and covariances of random effects
------------------------------------------------------------------------------

{res} 
{txt}***level 2 ({res}subject{txt})
{res} 
{txt}    var(1): {res}565.5159 (218.84463)
{txt}    cov(2,1): {res}11.055397 (44.413792) cor(2,1): .08131978
 
{txt}    var(2): {res}32.682212 (12.08316)
{txt}------------------------------------------------------------------------------

{res} 

{com}. log close
      {txt}name:  {res}<unnamed>
       {txt}log:  {res}C:\Users\pbailey\dev\WeMix\tests\testthat\Examples.smcl
  {txt}log type:  {res}smcl
 {txt}closed on:  {res} 2 Aug 2017, 12:51:39
{txt}{.-}
{smcl}
{txt}{sf}{ul off}